---
source: tests/test_view.rs
info:
  program: c2patool
  args:
    - view
    - tree
    - /Users/nsalvemini/Documents/repos/c2patool/tests/fixtures/C.jpg
---
success: true
exit_code: 0
----- stdout -----
Tree View:
 Asset:C.jpg, Manifest:contentauth:urn:uuid:a621a5d8-147d-499b-95d7-2eaff1009efc
├── Assertion:c2pa.thumbnail.claim.jpeg
├── Assertion:stds.schema-org.CreativeWork
├── Assertion:c2pa.actions
└── Assertion:c2pa.hash.data


----- stderr -----
